26-07-10.18:49:34.652 [main            ] INFO  ChatbotServiceApplicationContextTest - Starting ChatbotServiceApplicationContextTest using Java 1.8.0_462 on diaoyuxuandeMacBook-Pro-2.local with PID 8532 (started by diaoyuxuan in /Users/diaoyuxuan/big-market-ai-platform/big-market-chatbot-service)
26-07-10.18:49:34.652 [main            ] INFO  ChatbotServiceApplicationContextTest - The following 1 profile is active: "test"
26-07-10.18:49:35.222 [main            ] INFO  RepositoryConfigurationDelegate - Multiple Spring Data modules found, entering strict repository configuration mode
26-07-10.18:49:35.226 [main            ] INFO  RepositoryConfigurationDelegate - Bootstrapping Spring Data Redis repositories in DEFAULT mode.
26-07-10.18:49:35.250 [main            ] INFO  RepositoryConfigurationDelegate - Finished Spring Data repository scanning in 5 ms. Found 0 Redis repository interfaces.
26-07-10.18:49:36.262 [main            ] INFO  NacosConfigSyncService - NacosConfigSyncService initialized, serverAddr=127.0.0.1:8848, dataId=big-market-platform-config
26-07-10.18:49:37.208 [main            ] INFO  NacosConfigSubscriberConfig - No platform config in Nacos yet — using local defaults
26-07-10.18:49:37.216 [main            ] INFO  NacosConfigSyncService - Registered Nacos config listener, dataId=big-market-platform-config
26-07-10.18:49:37.667 [main            ] WARN  GenericWebApplicationContext - Exception encountered during context initialization - cancelling refresh attempt: org.springframework.beans.factory.BeanCreationException: Error creating bean with name 'activityRepository': Injection of resource dependencies failed; nested exception is org.springframework.beans.factory.BeanCreationException: Error creating bean with name 'activitySkuStockCacheSupport': Injection of resource dependencies failed; nested exception is org.springframework.beans.factory.NoSuchBeanDefinitionException: No qualifying bean of type 'com.dyx.market.domain.activity.adapter.event.ActivitySkuStockZeroMessageEvent' available: expected at least 1 bean which qualifies as autowire candidate. Dependency annotations: {@javax.annotation.Resource(shareable=true, lookup=, name=, description=, authenticationType=CONTAINER, type=class java.lang.Object, mappedName=)}
26-07-10.18:49:37.687 [main            ] INFO  ConditionEvaluationReportLoggingListener - 

Error starting ApplicationContext. To display the conditions report re-run your application with 'debug' enabled.
26-07-10.18:49:37.704 [main            ] ERROR LoggingFailureAnalysisReporter - 

***************************
APPLICATION FAILED TO START
***************************

Description:

A component required a bean of type 'com.dyx.market.domain.activity.adapter.event.ActivitySkuStockZeroMessageEvent' that could not be found.


Action:

Consider defining a bean of type 'com.dyx.market.domain.activity.adapter.event.ActivitySkuStockZeroMessageEvent' in your configuration.

26-07-10.18:49:37.706 [main            ] ERROR TestContextManager     - Caught exception while allowing TestExecutionListener [org.springframework.test.context.web.ServletTestExecutionListener@7d0b7e3c] to prepare test instance [com.dyx.market.chatbot.service.ChatbotServiceApplicationContextTest@45cb5307]
java.lang.IllegalStateException: Failed to load ApplicationContext
	at org.springframework.test.context.cache.DefaultCacheAwareContextLoaderDelegate.loadContext(DefaultCacheAwareContextLoaderDelegate.java:98)
	at org.springframework.test.context.support.DefaultTestContext.getApplicationContext(DefaultTestContext.java:124)
	at org.springframework.test.context.web.ServletTestExecutionListener.setUpRequestContextIfNecessary(ServletTestExecutionListener.java:190)
	at org.springframework.test.context.web.ServletTestExecutionListener.prepareTestInstance(ServletTestExecutionListener.java:132)
	at org.springframework.test.context.TestContextManager.prepareTestInstance(TestContextManager.java:248)
	at org.springframework.test.context.junit4.SpringJUnit4ClassRunner.createTest(SpringJUnit4ClassRunner.java:227)
	at org.springframework.test.context.junit4.SpringJUnit4ClassRunner$1.runReflectiveCall(SpringJUnit4ClassRunner.java:289)
	at org.junit.internal.runners.model.ReflectiveCallable.run(ReflectiveCallable.java:12)
	at org.springframework.test.context.junit4.SpringJUnit4ClassRunner.methodBlock(SpringJUnit4ClassRunner.java:291)
	at org.springframework.test.context.junit4.SpringJUnit4ClassRunner.runChild(SpringJUnit4ClassRunner.java:246)
	at org.springframework.test.context.junit4.SpringJUnit4ClassRunner.runChild(SpringJUnit4ClassRunner.java:97)
	at org.junit.runners.ParentRunner$4.run(ParentRunner.java:331)
	at org.junit.runners.ParentRunner$1.schedule(ParentRunner.java:79)
	at org.junit.runners.ParentRunner.runChildren(ParentRunner.java:329)
	at org.junit.runners.ParentRunner.access$100(ParentRunner.java:66)
	at org.junit.runners.ParentRunner$2.evaluate(ParentRunner.java:293)
	at org.springframework.test.context.junit4.statements.RunBeforeTestClassCallbacks.evaluate(RunBeforeTestClassCallbacks.java:61)
	at org.springframework.test.context.junit4.statements.RunAfterTestClassCallbacks.evaluate(RunAfterTestClassCallbacks.java:70)
	at org.junit.runners.ParentRunner$3.evaluate(ParentRunner.java:306)
	at org.junit.runners.ParentRunner.run(ParentRunner.java:413)
	at org.springframework.test.context.junit4.SpringJUnit4ClassRunner.run(SpringJUnit4ClassRunner.java:190)
	at org.junit.runner.JUnitCore.run(JUnitCore.java:137)
	at org.junit.runner.JUnitCore.run(JUnitCore.java:115)
	at org.junit.vintage.engine.execution.RunnerExecutor.execute(RunnerExecutor.java:42)
	at org.junit.vintage.engine.VintageTestEngine.executeAllChildren(VintageTestEngine.java:80)
	at org.junit.vintage.engine.VintageTestEngine.execute(VintageTestEngine.java:72)
	at org.junit.platform.launcher.core.DefaultLauncher.execute(DefaultLauncher.java:220)
	at org.junit.platform.launcher.core.DefaultLauncher.lambda$execute$6(DefaultLauncher.java:188)
	at org.junit.platform.launcher.core.DefaultLauncher.withInterceptedStreams(DefaultLauncher.java:202)
	at org.junit.platform.launcher.core.DefaultLauncher.execute(DefaultLauncher.java:181)
	at org.junit.platform.launcher.core.DefaultLauncher.execute(DefaultLauncher.java:128)
	at org.apache.maven.surefire.junitplatform.JUnitPlatformProvider.invokeAllTests(JUnitPlatformProvider.java:150)
	at org.apache.maven.surefire.junitplatform.JUnitPlatformProvider.invoke(JUnitPlatformProvider.java:124)
	at org.apache.maven.surefire.booter.ForkedBooter.invokeProviderInSameClassLoader(ForkedBooter.java:384)
	at org.apache.maven.surefire.booter.ForkedBooter.runSuitesInProcess(ForkedBooter.java:345)
	at org.apache.maven.surefire.booter.ForkedBooter.execute(ForkedBooter.java:126)
	at org.apache.maven.surefire.booter.ForkedBooter.main(ForkedBooter.java:418)
Caused by: org.springframework.beans.factory.BeanCreationException: Error creating bean with name 'activityRepository': Injection of resource dependencies failed; nested exception is org.springframework.beans.factory.BeanCreationException: Error creating bean with name 'activitySkuStockCacheSupport': Injection of resource dependencies failed; nested exception is org.springframework.beans.factory.NoSuchBeanDefinitionException: No qualifying bean of type 'com.dyx.market.domain.activity.adapter.event.ActivitySkuStockZeroMessageEvent' available: expected at least 1 bean which qualifies as autowire candidate. Dependency annotations: {@javax.annotation.Resource(shareable=true, lookup=, name=, description=, authenticationType=CONTAINER, type=class java.lang.Object, mappedName=)}
	at org.springframework.context.annotation.CommonAnnotationBeanPostProcessor.postProcessProperties(CommonAnnotationBeanPostProcessor.java:332)
	at org.springframework.beans.factory.support.AbstractAutowireCapableBeanFactory.populateBean(AbstractAutowireCapableBeanFactory.java:1431)
	at org.springframework.beans.factory.support.AbstractAutowireCapableBeanFactory.doCreateBean(AbstractAutowireCapableBeanFactory.java:619)
	at org.springframework.beans.factory.support.AbstractAutowireCapableBeanFactory.createBean(AbstractAutowireCapableBeanFactory.java:542)
	at org.springframework.beans.factory.support.AbstractBeanFactory.lambda$doGetBean$0(AbstractBeanFactory.java:335)
	at org.springframework.beans.factory.support.DefaultSingletonBeanRegistry.getSingleton(DefaultSingletonBeanRegistry.java:234)
	at org.springframework.beans.factory.support.AbstractBeanFactory.doGetBean(AbstractBeanFactory.java:333)
	at org.springframework.beans.factory.support.AbstractBeanFactory.getBean(AbstractBeanFactory.java:208)
	at org.springframework.beans.factory.support.DefaultListableBeanFactory.preInstantiateSingletons(DefaultListableBeanFactory.java:955)
	at org.springframework.context.support.AbstractApplicationContext.finishBeanFactoryInitialization(AbstractApplicationContext.java:920)
	at org.springframework.context.support.AbstractApplicationContext.refresh(AbstractApplicationContext.java:583)
	at org.springframework.boot.SpringApplication.refresh(SpringApplication.java:731)
	at org.springframework.boot.SpringApplication.refreshContext(SpringApplication.java:408)
	at org.springframework.boot.SpringApplication.run(SpringApplication.java:307)
	at org.springframework.boot.test.context.SpringBootContextLoader.loadContext(SpringBootContextLoader.java:136)
	at org.springframework.test.context.cache.DefaultCacheAwareContextLoaderDelegate.loadContextInternal(DefaultCacheAwareContextLoaderDelegate.java:141)
	at org.springframework.test.context.cache.DefaultCacheAwareContextLoaderDelegate.loadContext(DefaultCacheAwareContextLoaderDelegate.java:90)
	... 36 common frames omitted
Caused by: org.springframework.beans.factory.BeanCreationException: Error creating bean with name 'activitySkuStockCacheSupport': Injection of resource dependencies failed; nested exception is org.springframework.beans.factory.NoSuchBeanDefinitionException: No qualifying bean of type 'com.dyx.market.domain.activity.adapter.event.ActivitySkuStockZeroMessageEvent' available: expected at least 1 bean which qualifies as autowire candidate. Dependency annotations: {@javax.annotation.Resource(shareable=true, lookup=, name=, description=, authenticationType=CONTAINER, type=class java.lang.Object, mappedName=)}
	at org.springframework.context.annotation.CommonAnnotationBeanPostProcessor.postProcessProperties(CommonAnnotationBeanPostProcessor.java:332)
	at org.springframework.beans.factory.support.AbstractAutowireCapableBeanFactory.populateBean(AbstractAutowireCapableBeanFactory.java:1431)
	at org.springframework.beans.factory.support.AbstractAutowireCapableBeanFactory.doCreateBean(AbstractAutowireCapableBeanFactory.java:619)
	at org.springframework.beans.factory.support.AbstractAutowireCapableBeanFactory.createBean(AbstractAutowireCapableBeanFactory.java:542)
	at org.springframework.beans.factory.support.AbstractBeanFactory.lambda$doGetBean$0(AbstractBeanFactory.java:335)
	at org.springframework.beans.factory.support.DefaultSingletonBeanRegistry.getSingleton(DefaultSingletonBeanRegistry.java:234)
	at org.springframework.beans.factory.support.AbstractBeanFactory.doGetBean(AbstractBeanFactory.java:333)
	at org.springframework.beans.factory.support.AbstractBeanFactory.getBean(AbstractBeanFactory.java:213)
	at org.springframework.beans.factory.support.AbstractAutowireCapableBeanFactory.resolveBeanByName(AbstractAutowireCapableBeanFactory.java:479)
	at org.springframework.context.annotation.CommonAnnotationBeanPostProcessor.autowireResource(CommonAnnotationBeanPostProcessor.java:550)
	at org.springframework.context.annotation.CommonAnnotationBeanPostProcessor.getResource(CommonAnnotationBeanPostProcessor.java:520)
	at org.springframework.context.annotation.CommonAnnotationBeanPostProcessor$ResourceElement.getResourceToInject(CommonAnnotationBeanPostProcessor.java:673)
	at org.springframework.beans.factory.annotation.InjectionMetadata$InjectedElement.inject(InjectionMetadata.java:228)
	at org.springframework.beans.factory.annotation.InjectionMetadata.inject(InjectionMetadata.java:119)
	at org.springframework.context.annotation.CommonAnnotationBeanPostProcessor.postProcessProperties(CommonAnnotationBeanPostProcessor.java:329)
	... 52 common frames omitted
Caused by: org.springframework.beans.factory.NoSuchBeanDefinitionException: No qualifying bean of type 'com.dyx.market.domain.activity.adapter.event.ActivitySkuStockZeroMessageEvent' available: expected at least 1 bean which qualifies as autowire candidate. Dependency annotations: {@javax.annotation.Resource(shareable=true, lookup=, name=, description=, authenticationType=CONTAINER, type=class java.lang.Object, mappedName=)}
	at org.springframework.beans.factory.support.DefaultListableBeanFactory.raiseNoMatchingBeanFound(DefaultListableBeanFactory.java:1801)
	at org.springframework.beans.factory.support.DefaultListableBeanFactory.doResolveDependency(DefaultListableBeanFactory.java:1357)
	at org.springframework.beans.factory.support.DefaultListableBeanFactory.resolveDependency(DefaultListableBeanFactory.java:1311)
	at org.springframework.context.annotation.CommonAnnotationBeanPostProcessor.autowireResource(CommonAnnotationBeanPostProcessor.java:544)
	at org.springframework.context.annotation.CommonAnnotationBeanPostProcessor.getResource(CommonAnnotationBeanPostProcessor.java:520)
	at org.springframework.context.annotation.CommonAnnotationBeanPostProcessor$ResourceElement.getResourceToInject(CommonAnnotationBeanPostProcessor.java:673)
	at org.springframework.beans.factory.annotation.InjectionMetadata$InjectedElement.inject(InjectionMetadata.java:228)
	at org.springframework.beans.factory.annotation.InjectionMetadata.inject(InjectionMetadata.java:119)
	at org.springframework.context.annotation.CommonAnnotationBeanPostProcessor.postProcessProperties(CommonAnnotationBeanPostProcessor.java:329)
	... 66 common frames omitted
26-07-10.18:49:37.752 [Thread-4        ] WARN  HttpClientBeanHolder   - [HttpClientBeanHolder] Start destroying common HttpClient
26-07-10.18:49:37.752 [Thread-9        ] WARN  NotifyCenter           - [NotifyCenter] Start destroying Publisher
26-07-10.18:49:37.753 [Thread-9        ] WARN  NotifyCenter           - [NotifyCenter] Destruction of the end
26-07-10.18:49:37.753 [Thread-4        ] WARN  HttpClientBeanHolder   - [HttpClientBeanHolder] Destruction of the end
26-07-10.18:50:18.978 [main            ] INFO  ChatbotServiceApplicationContextTest - Starting ChatbotServiceApplicationContextTest using Java 1.8.0_462 on diaoyuxuandeMacBook-Pro-2.local with PID 10060 (started by diaoyuxuan in /Users/diaoyuxuan/big-market-ai-platform/big-market-chatbot-service)
26-07-10.18:50:18.978 [main            ] INFO  ChatbotServiceApplicationContextTest - The following 1 profile is active: "test"
26-07-10.18:50:19.529 [main            ] INFO  RepositoryConfigurationDelegate - Multiple Spring Data modules found, entering strict repository configuration mode
26-07-10.18:50:19.531 [main            ] INFO  RepositoryConfigurationDelegate - Bootstrapping Spring Data Redis repositories in DEFAULT mode.
26-07-10.18:50:19.546 [main            ] INFO  RepositoryConfigurationDelegate - Finished Spring Data repository scanning in 4 ms. Found 0 Redis repository interfaces.
26-07-10.18:50:20.541 [main            ] INFO  NacosConfigSyncService - NacosConfigSyncService initialized, serverAddr=127.0.0.1:8848, dataId=big-market-platform-config
26-07-10.18:50:21.508 [main            ] INFO  NacosConfigSubscriberConfig - No platform config in Nacos yet — using local defaults
26-07-10.18:50:21.518 [main            ] INFO  NacosConfigSyncService - Registered Nacos config listener, dataId=big-market-platform-config
26-07-10.18:50:23.150 [main            ] INFO  EndpointLinksResolver  - Exposing 2 endpoint(s) beneath base path '/actuator'
26-07-10.18:50:23.250 [main            ] INFO  ChatbotServiceApplicationContextTest - Started ChatbotServiceApplicationContextTest in 4.595 seconds (JVM running for 5.096)
26-07-10.18:50:23.343 [Thread-9        ] WARN  NotifyCenter           - [NotifyCenter] Start destroying Publisher
26-07-10.18:50:23.343 [Thread-4        ] WARN  HttpClientBeanHolder   - [HttpClientBeanHolder] Start destroying common HttpClient
26-07-10.18:50:23.344 [Thread-9        ] WARN  NotifyCenter           - [NotifyCenter] Destruction of the end
26-07-10.18:50:23.344 [Thread-4        ] WARN  HttpClientBeanHolder   - [HttpClientBeanHolder] Destruction of the end
26-07-10.18:51:21.115 [main            ] INFO  ChatbotServiceApplicationContextTest - Starting ChatbotServiceApplicationContextTest using Java 1.8.0_462 on diaoyuxuandeMacBook-Pro-2.local with PID 12145 (started by diaoyuxuan in /Users/diaoyuxuan/big-market-ai-platform/big-market-chatbot-service)
26-07-10.18:51:21.116 [main            ] INFO  ChatbotServiceApplicationContextTest - The following 1 profile is active: "test"
26-07-10.18:51:21.662 [main            ] INFO  RepositoryConfigurationDelegate - Multiple Spring Data modules found, entering strict repository configuration mode
26-07-10.18:51:21.664 [main            ] INFO  RepositoryConfigurationDelegate - Bootstrapping Spring Data Redis repositories in DEFAULT mode.
26-07-10.18:51:21.681 [main            ] INFO  RepositoryConfigurationDelegate - Finished Spring Data repository scanning in 5 ms. Found 0 Redis repository interfaces.
26-07-10.18:51:22.646 [main            ] INFO  NacosConfigSyncService - NacosConfigSyncService initialized, serverAddr=127.0.0.1:8848, dataId=big-market-platform-config
26-07-10.18:51:23.625 [main            ] INFO  NacosConfigSubscriberConfig - No platform config in Nacos yet — using local defaults
26-07-10.18:51:23.638 [main            ] INFO  NacosConfigSyncService - Registered Nacos config listener, dataId=big-market-platform-config
26-07-10.18:51:25.818 [main            ] INFO  EndpointLinksResolver  - Exposing 2 endpoint(s) beneath base path '/actuator'
26-07-10.18:51:25.928 [main            ] INFO  ChatbotServiceApplicationContextTest - Started ChatbotServiceApplicationContextTest in 5.032 seconds (JVM running for 5.527)
26-07-10.18:51:26.022 [Thread-9        ] WARN  NotifyCenter           - [NotifyCenter] Start destroying Publisher
26-07-10.18:51:26.022 [Thread-9        ] WARN  NotifyCenter           - [NotifyCenter] Destruction of the end
26-07-10.18:51:26.022 [Thread-4        ] WARN  HttpClientBeanHolder   - [HttpClientBeanHolder] Start destroying common HttpClient
26-07-10.18:51:26.023 [Thread-4        ] WARN  HttpClientBeanHolder   - [HttpClientBeanHolder] Destruction of the end
26-07-10.18:53:46.409 [main            ] INFO  ChatbotServiceApplicationContextTest - Starting ChatbotServiceApplicationContextTest using Java 1.8.0_462 on diaoyuxuandeMacBook-Pro-2.local with PID 17780 (started by diaoyuxuan in /Users/diaoyuxuan/big-market-ai-platform/big-market-chatbot-service)
26-07-10.18:53:46.409 [main            ] INFO  ChatbotServiceApplicationContextTest - The following 1 profile is active: "test"
26-07-10.18:53:46.808 [main            ] INFO  RepositoryConfigurationDelegate - Multiple Spring Data modules found, entering strict repository configuration mode
26-07-10.18:53:46.810 [main            ] INFO  RepositoryConfigurationDelegate - Bootstrapping Spring Data Redis repositories in DEFAULT mode.
26-07-10.18:53:46.820 [main            ] INFO  RepositoryConfigurationDelegate - Finished Spring Data repository scanning in 3 ms. Found 0 Redis repository interfaces.
26-07-10.18:53:47.555 [main            ] INFO  NacosConfigSyncService - NacosConfigSyncService initialized, serverAddr=127.0.0.1:8848, dataId=big-market-platform-config
26-07-10.18:53:48.458 [main            ] INFO  NacosConfigSubscriberConfig - No platform config in Nacos yet — using local defaults
26-07-10.18:53:48.467 [main            ] INFO  NacosConfigSyncService - Registered Nacos config listener, dataId=big-market-platform-config
26-07-10.18:53:49.680 [main            ] INFO  EndpointLinksResolver  - Exposing 2 endpoint(s) beneath base path '/actuator'
26-07-10.18:53:49.759 [main            ] INFO  ChatbotServiceApplicationContextTest - Started ChatbotServiceApplicationContextTest in 3.547 seconds (JVM running for 3.91)
26-07-10.18:53:49.831 [Thread-4        ] WARN  HttpClientBeanHolder   - [HttpClientBeanHolder] Start destroying common HttpClient
26-07-10.18:53:49.831 [Thread-9        ] WARN  NotifyCenter           - [NotifyCenter] Start destroying Publisher
26-07-10.18:53:49.831 [Thread-9        ] WARN  NotifyCenter           - [NotifyCenter] Destruction of the end
26-07-10.18:53:49.832 [Thread-4        ] WARN  HttpClientBeanHolder   - [HttpClientBeanHolder] Destruction of the end
26-07-10.18:54:32.712 [main            ] INFO  ChatbotServiceApplicationContextTest - Starting ChatbotServiceApplicationContextTest using Java 1.8.0_462 on diaoyuxuandeMacBook-Pro-2.local with PID 19518 (started by diaoyuxuan in /Users/diaoyuxuan/big-market-ai-platform/big-market-chatbot-service)
26-07-10.18:54:32.713 [main            ] INFO  ChatbotServiceApplicationContextTest - The following 1 profile is active: "test"
26-07-10.18:54:33.054 [main            ] INFO  RepositoryConfigurationDelegate - Multiple Spring Data modules found, entering strict repository configuration mode
26-07-10.18:54:33.055 [main            ] INFO  RepositoryConfigurationDelegate - Bootstrapping Spring Data Redis repositories in DEFAULT mode.
26-07-10.18:54:33.063 [main            ] INFO  RepositoryConfigurationDelegate - Finished Spring Data repository scanning in 2 ms. Found 0 Redis repository interfaces.
26-07-10.18:54:33.767 [main            ] INFO  NacosConfigSyncService - NacosConfigSyncService initialized, serverAddr=127.0.0.1:8848, dataId=big-market-platform-config
26-07-10.18:54:34.672 [main            ] INFO  NacosConfigSubscriberConfig - No platform config in Nacos yet — using local defaults
26-07-10.18:54:34.677 [main            ] INFO  NacosConfigSyncService - Registered Nacos config listener, dataId=big-market-platform-config
26-07-10.18:54:35.780 [main            ] INFO  EndpointLinksResolver  - Exposing 2 endpoint(s) beneath base path '/actuator'
26-07-10.18:54:35.859 [main            ] INFO  ChatbotServiceApplicationContextTest - Started ChatbotServiceApplicationContextTest in 3.333 seconds (JVM running for 3.708)
26-07-10.18:54:35.931 [Thread-4        ] WARN  HttpClientBeanHolder   - [HttpClientBeanHolder] Start destroying common HttpClient
26-07-10.18:54:35.931 [Thread-9        ] WARN  NotifyCenter           - [NotifyCenter] Start destroying Publisher
26-07-10.18:54:35.931 [Thread-9        ] WARN  NotifyCenter           - [NotifyCenter] Destruction of the end
26-07-10.18:54:35.932 [Thread-4        ] WARN  HttpClientBeanHolder   - [HttpClientBeanHolder] Destruction of the end
26-07-10.18:55:19.609 [main            ] INFO  ChatbotServiceApplicationContextTest - Starting ChatbotServiceApplicationContextTest using Java 1.8.0_462 on diaoyuxuandeMacBook-Pro-2.local with PID 21128 (started by diaoyuxuan in /Users/diaoyuxuan/big-market-ai-platform/big-market-chatbot-service)
26-07-10.18:55:19.610 [main            ] INFO  ChatbotServiceApplicationContextTest - The following 1 profile is active: "test"
26-07-10.18:55:20.002 [main            ] INFO  RepositoryConfigurationDelegate - Multiple Spring Data modules found, entering strict repository configuration mode
26-07-10.18:55:20.004 [main            ] INFO  RepositoryConfigurationDelegate - Bootstrapping Spring Data Redis repositories in DEFAULT mode.
26-07-10.18:55:20.019 [main            ] INFO  RepositoryConfigurationDelegate - Finished Spring Data repository scanning in 7 ms. Found 0 Redis repository interfaces.
26-07-10.18:55:20.741 [main            ] INFO  NacosConfigSyncService - NacosConfigSyncService initialized, serverAddr=127.0.0.1:8848, dataId=big-market-platform-config
26-07-10.18:55:21.636 [main            ] INFO  NacosConfigSubscriberConfig - No platform config in Nacos yet — using local defaults
26-07-10.18:55:21.649 [main            ] INFO  NacosConfigSyncService - Registered Nacos config listener, dataId=big-market-platform-config
26-07-10.18:55:22.917 [main            ] INFO  EndpointLinksResolver  - Exposing 2 endpoint(s) beneath base path '/actuator'
26-07-10.18:55:22.995 [main            ] INFO  ChatbotServiceApplicationContextTest - Started ChatbotServiceApplicationContextTest in 3.575 seconds (JVM running for 3.944)
26-07-10.18:55:23.064 [Thread-9        ] WARN  NotifyCenter           - [NotifyCenter] Start destroying Publisher
26-07-10.18:55:23.064 [Thread-4        ] WARN  HttpClientBeanHolder   - [HttpClientBeanHolder] Start destroying common HttpClient
26-07-10.18:55:23.064 [Thread-9        ] WARN  NotifyCenter           - [NotifyCenter] Destruction of the end
26-07-10.18:55:23.064 [Thread-4        ] WARN  HttpClientBeanHolder   - [HttpClientBeanHolder] Destruction of the end
26-07-10.20:01:37.962 [main            ] INFO  ChatbotServiceApplicationContextTest - Starting ChatbotServiceApplicationContextTest using Java 1.8.0_462 with PID ??? (started by diaoyuxuan in /Users/diaoyuxuan/big-market-ai-platform/big-market-chatbot-service)
26-07-10.20:01:37.962 [main            ] INFO  ChatbotServiceApplicationContextTest - The following 1 profile is active: "test"
26-07-10.20:01:38.422 [main            ] INFO  RepositoryConfigurationDelegate - Multiple Spring Data modules found, entering strict repository configuration mode
26-07-10.20:01:38.424 [main            ] INFO  RepositoryConfigurationDelegate - Bootstrapping Spring Data Redis repositories in DEFAULT mode.
26-07-10.20:01:38.440 [main            ] INFO  RepositoryConfigurationDelegate - Finished Spring Data repository scanning in 3 ms. Found 0 Redis repository interfaces.
26-07-10.20:01:39.266 [main            ] INFO  NacosConfigSyncService - NacosConfigSyncService initialized, serverAddr=127.0.0.1:8848, dataId=big-market-platform-config
26-07-10.20:01:40.098 [main            ] INFO  NacosConfigSubscriberConfig - No platform config in Nacos yet — using local defaults
26-07-10.20:01:40.112 [main            ] INFO  NacosConfigSyncService - Registered Nacos config listener, dataId=big-market-platform-config
26-07-10.20:01:42.200 [main            ] INFO  EndpointLinksResolver  - Exposing 2 endpoint(s) beneath base path '/actuator'
26-07-10.20:01:42.286 [main            ] INFO  ChatbotServiceApplicationContextTest - Started ChatbotServiceApplicationContextTest in 4.53 seconds (JVM running for 4.988)
26-07-10.20:01:42.365 [Thread-4        ] WARN  HttpClientBeanHolder   - [HttpClientBeanHolder] Start destroying common HttpClient
26-07-10.20:01:42.365 [Thread-9        ] WARN  NotifyCenter           - [NotifyCenter] Start destroying Publisher
26-07-10.20:01:42.372 [Thread-9        ] WARN  NotifyCenter           - [NotifyCenter] Destruction of the end
26-07-10.20:01:42.372 [Thread-4        ] WARN  HttpClientBeanHolder   - [HttpClientBeanHolder] Destruction of the end
26-07-10.20:50:20.468 [main            ] INFO  ChatbotServiceApplicationContextTest - Starting ChatbotServiceApplicationContextTest using Java 1.8.0_462 with PID ??? (started by diaoyuxuan in /Users/diaoyuxuan/big-market-ai-platform/big-market-chatbot-service)
26-07-10.20:50:20.469 [main            ] INFO  ChatbotServiceApplicationContextTest - The following 1 profile is active: "test"
26-07-10.20:50:20.852 [main            ] INFO  RepositoryConfigurationDelegate - Multiple Spring Data modules found, entering strict repository configuration mode
26-07-10.20:50:20.853 [main            ] INFO  RepositoryConfigurationDelegate - Bootstrapping Spring Data Redis repositories in DEFAULT mode.
26-07-10.20:50:20.862 [main            ] INFO  RepositoryConfigurationDelegate - Finished Spring Data repository scanning in 2 ms. Found 0 Redis repository interfaces.
26-07-10.20:50:21.329 [main            ] INFO  NacosConfigSyncService - NacosConfigSyncService initialized, serverAddr=127.0.0.1:8848, dataId=big-market-platform-config
26-07-10.20:50:22.103 [main            ] INFO  NacosConfigSubscriberConfig - No platform config in Nacos yet — using local defaults
26-07-10.20:50:22.115 [main            ] INFO  NacosConfigSyncService - Registered Nacos config listener, dataId=big-market-platform-config
26-07-10.20:50:23.172 [main            ] INFO  EndpointLinksResolver  - Exposing 2 endpoint(s) beneath base path '/actuator'
26-07-10.20:50:23.238 [main            ] INFO  ChatbotServiceApplicationContextTest - Started ChatbotServiceApplicationContextTest in 2.929 seconds (JVM running for 3.624)
26-07-10.20:50:23.299 [Thread-9        ] WARN  NotifyCenter           - [NotifyCenter] Start destroying Publisher
26-07-10.20:50:23.299 [Thread-4        ] WARN  HttpClientBeanHolder   - [HttpClientBeanHolder] Start destroying common HttpClient
26-07-10.20:50:23.299 [Thread-9        ] WARN  NotifyCenter           - [NotifyCenter] Destruction of the end
26-07-10.20:50:23.299 [Thread-4        ] WARN  HttpClientBeanHolder   - [HttpClientBeanHolder] Destruction of the end
26-07-10.20:51:12.962 [main            ] INFO  ChatbotServiceApplicationContextTest - Starting ChatbotServiceApplicationContextTest using Java 1.8.0_462 with PID ??? (started by diaoyuxuan in /Users/diaoyuxuan/big-market-ai-platform/big-market-chatbot-service)
26-07-10.20:51:12.965 [main            ] INFO  ChatbotServiceApplicationContextTest - The following 1 profile is active: "test"
26-07-10.20:51:13.344 [main            ] INFO  RepositoryConfigurationDelegate - Multiple Spring Data modules found, entering strict repository configuration mode
26-07-10.20:51:13.345 [main            ] INFO  RepositoryConfigurationDelegate - Bootstrapping Spring Data Redis repositories in DEFAULT mode.
26-07-10.20:51:13.354 [main            ] INFO  RepositoryConfigurationDelegate - Finished Spring Data repository scanning in 3 ms. Found 0 Redis repository interfaces.
26-07-10.20:51:13.832 [main            ] INFO  NacosConfigSyncService - NacosConfigSyncService initialized, serverAddr=127.0.0.1:8848, dataId=big-market-platform-config
26-07-10.20:51:14.598 [main            ] INFO  NacosConfigSubscriberConfig - No platform config in Nacos yet — using local defaults
26-07-10.20:51:14.607 [main            ] INFO  NacosConfigSyncService - Registered Nacos config listener, dataId=big-market-platform-config
26-07-10.20:51:15.662 [main            ] INFO  EndpointLinksResolver  - Exposing 2 endpoint(s) beneath base path '/actuator'
26-07-10.20:51:15.732 [main            ] INFO  ChatbotServiceApplicationContextTest - Started ChatbotServiceApplicationContextTest in 2.936 seconds (JVM running for 3.639)
26-07-10.20:51:15.795 [Thread-4        ] WARN  HttpClientBeanHolder   - [HttpClientBeanHolder] Start destroying common HttpClient
26-07-10.20:51:15.795 [Thread-9        ] WARN  NotifyCenter           - [NotifyCenter] Start destroying Publisher
26-07-10.20:51:15.796 [Thread-9        ] WARN  NotifyCenter           - [NotifyCenter] Destruction of the end
26-07-10.20:51:15.796 [Thread-4        ] WARN  HttpClientBeanHolder   - [HttpClientBeanHolder] Destruction of the end
26-07-10.20:51:55.337 [main            ] INFO  ChatbotServiceApplicationContextTest - Starting ChatbotServiceApplicationContextTest using Java 1.8.0_462 with PID ??? (started by diaoyuxuan in /Users/diaoyuxuan/big-market-ai-platform/big-market-chatbot-service)
26-07-10.20:51:55.338 [main            ] INFO  ChatbotServiceApplicationContextTest - The following 1 profile is active: "test"
26-07-10.20:51:55.716 [main            ] INFO  RepositoryConfigurationDelegate - Multiple Spring Data modules found, entering strict repository configuration mode
26-07-10.20:51:55.717 [main            ] INFO  RepositoryConfigurationDelegate - Bootstrapping Spring Data Redis repositories in DEFAULT mode.
26-07-10.20:51:55.729 [main            ] INFO  RepositoryConfigurationDelegate - Finished Spring Data repository scanning in 5 ms. Found 0 Redis repository interfaces.
26-07-10.20:51:56.195 [main            ] INFO  NacosConfigSyncService - NacosConfigSyncService initialized, serverAddr=127.0.0.1:8848, dataId=big-market-platform-config
26-07-10.20:51:56.975 [main            ] INFO  NacosConfigSubscriberConfig - No platform config in Nacos yet — using local defaults
26-07-10.20:51:56.982 [main            ] INFO  NacosConfigSyncService - Registered Nacos config listener, dataId=big-market-platform-config
26-07-10.20:51:58.009 [main            ] INFO  EndpointLinksResolver  - Exposing 2 endpoint(s) beneath base path '/actuator'
26-07-10.20:51:58.072 [main            ] INFO  ChatbotServiceApplicationContextTest - Started ChatbotServiceApplicationContextTest in 2.916 seconds (JVM running for 3.626)
26-07-10.20:51:58.131 [Thread-9        ] WARN  NotifyCenter           - [NotifyCenter] Start destroying Publisher
26-07-10.20:51:58.131 [Thread-4        ] WARN  HttpClientBeanHolder   - [HttpClientBeanHolder] Start destroying common HttpClient
26-07-10.20:51:58.131 [Thread-9        ] WARN  NotifyCenter           - [NotifyCenter] Destruction of the end
26-07-10.20:51:58.131 [Thread-4        ] WARN  HttpClientBeanHolder   - [HttpClientBeanHolder] Destruction of the end
26-07-10.20:52:32.444 [main            ] INFO  ChatbotServiceApplicationContextTest - Starting ChatbotServiceApplicationContextTest using Java 1.8.0_462 with PID ??? (started by diaoyuxuan in /Users/diaoyuxuan/big-market-ai-platform/big-market-chatbot-service)
26-07-10.20:52:32.445 [main            ] INFO  ChatbotServiceApplicationContextTest - The following 1 profile is active: "test"
26-07-10.20:52:32.810 [main            ] INFO  RepositoryConfigurationDelegate - Multiple Spring Data modules found, entering strict repository configuration mode
26-07-10.20:52:32.811 [main            ] INFO  RepositoryConfigurationDelegate - Bootstrapping Spring Data Redis repositories in DEFAULT mode.
26-07-10.20:52:32.820 [main            ] INFO  RepositoryConfigurationDelegate - Finished Spring Data repository scanning in 2 ms. Found 0 Redis repository interfaces.
26-07-10.20:52:33.286 [main            ] INFO  NacosConfigSyncService - NacosConfigSyncService initialized, serverAddr=127.0.0.1:8848, dataId=big-market-platform-config
26-07-10.20:52:34.039 [main            ] INFO  NacosConfigSubscriberConfig - No platform config in Nacos yet — using local defaults
26-07-10.20:52:34.044 [main            ] INFO  NacosConfigSyncService - Registered Nacos config listener, dataId=big-market-platform-config
26-07-10.20:52:35.177 [main            ] INFO  EndpointLinksResolver  - Exposing 2 endpoint(s) beneath base path '/actuator'
26-07-10.20:52:35.247 [main            ] INFO  ChatbotServiceApplicationContextTest - Started ChatbotServiceApplicationContextTest in 2.961 seconds (JVM running for 3.639)
26-07-10.20:52:35.305 [Thread-9        ] WARN  NotifyCenter           - [NotifyCenter] Start destroying Publisher
26-07-10.20:52:35.305 [Thread-9        ] WARN  NotifyCenter           - [NotifyCenter] Destruction of the end
26-07-10.20:52:35.305 [Thread-4        ] WARN  HttpClientBeanHolder   - [HttpClientBeanHolder] Start destroying common HttpClient
26-07-10.20:52:35.306 [Thread-4        ] WARN  HttpClientBeanHolder   - [HttpClientBeanHolder] Destruction of the end
26-07-10.21:10:34.388 [main            ] INFO  ChatbotServiceApplicationContextTest - Starting ChatbotServiceApplicationContextTest using Java 1.8.0_462 on diaoyuxuandeMacBook-Pro-2.local with PID 37713 (started by diaoyuxuan in /Users/diaoyuxuan/big-market-ai-platform/big-market-chatbot-service)
26-07-10.21:10:34.389 [main            ] INFO  ChatbotServiceApplicationContextTest - The following 1 profile is active: "test"
26-07-10.21:10:34.741 [main            ] INFO  RepositoryConfigurationDelegate - Multiple Spring Data modules found, entering strict repository configuration mode
26-07-10.21:10:34.742 [main            ] INFO  RepositoryConfigurationDelegate - Bootstrapping Spring Data Redis repositories in DEFAULT mode.
26-07-10.21:10:34.754 [main            ] INFO  RepositoryConfigurationDelegate - Finished Spring Data repository scanning in 3 ms. Found 0 Redis repository interfaces.
26-07-10.21:10:35.218 [main            ] INFO  NacosConfigSyncService - NacosConfigSyncService initialized, serverAddr=127.0.0.1:8848, dataId=big-market-platform-config
26-07-10.21:10:36.079 [main            ] INFO  NacosConfigSubscriberConfig - No platform config in Nacos yet — using local defaults
26-07-10.21:10:36.093 [main            ] INFO  NacosConfigSyncService - Registered Nacos config listener, dataId=big-market-platform-config
26-07-10.21:10:37.058 [main            ] INFO  EndpointLinksResolver  - Exposing 2 endpoint(s) beneath base path '/actuator'
26-07-10.21:10:37.121 [main            ] INFO  ChatbotServiceApplicationContextTest - Started ChatbotServiceApplicationContextTest in 2.886 seconds (JVM running for 3.514)
26-07-10.21:10:37.181 [Thread-9        ] WARN  NotifyCenter           - [NotifyCenter] Start destroying Publisher
26-07-10.21:10:37.181 [Thread-4        ] WARN  HttpClientBeanHolder   - [HttpClientBeanHolder] Start destroying common HttpClient
26-07-10.21:10:37.181 [Thread-9        ] WARN  NotifyCenter           - [NotifyCenter] Destruction of the end
26-07-10.21:10:37.182 [Thread-4        ] WARN  HttpClientBeanHolder   - [HttpClientBeanHolder] Destruction of the end
26-07-10.21:59:17.608 [main            ] INFO  ChatbotServiceApplicationContextTest - Starting ChatbotServiceApplicationContextTest using Java 1.8.0_462 with PID ??? (started by diaoyuxuan in /Users/diaoyuxuan/big-market-ai-platform/big-market-chatbot-service)
26-07-10.21:59:17.609 [main            ] INFO  ChatbotServiceApplicationContextTest - The following 1 profile is active: "test"
26-07-10.21:59:18.095 [main            ] INFO  RepositoryConfigurationDelegate - Multiple Spring Data modules found, entering strict repository configuration mode
26-07-10.21:59:18.097 [main            ] INFO  RepositoryConfigurationDelegate - Bootstrapping Spring Data Redis repositories in DEFAULT mode.
26-07-10.21:59:18.108 [main            ] INFO  RepositoryConfigurationDelegate - Finished Spring Data repository scanning in 4 ms. Found 0 Redis repository interfaces.
26-07-10.21:59:18.809 [main            ] INFO  NacosConfigSyncService - NacosConfigSyncService initialized, serverAddr=127.0.0.1:8848, dataId=big-market-platform-config
26-07-10.21:59:19.638 [main            ] INFO  NacosConfigSubscriberConfig - No platform config in Nacos yet — using local defaults
26-07-10.21:59:19.657 [main            ] INFO  NacosConfigSyncService - Registered Nacos config listener, dataId=big-market-platform-config
26-07-10.21:59:20.876 [main            ] INFO  EndpointLinksResolver  - Exposing 2 endpoint(s) beneath base path '/actuator'
26-07-10.21:59:20.951 [main            ] INFO  ChatbotServiceApplicationContextTest - Started ChatbotServiceApplicationContextTest in 3.558 seconds (JVM running for 4.404)
26-07-10.21:59:21.029 [Thread-4        ] WARN  HttpClientBeanHolder   - [HttpClientBeanHolder] Start destroying common HttpClient
26-07-10.21:59:21.029 [Thread-9        ] WARN  NotifyCenter           - [NotifyCenter] Start destroying Publisher
26-07-10.21:59:21.029 [Thread-9        ] WARN  NotifyCenter           - [NotifyCenter] Destruction of the end
26-07-10.21:59:21.030 [Thread-4        ] WARN  HttpClientBeanHolder   - [HttpClientBeanHolder] Destruction of the end
26-07-10.22:13:59.641 [main            ] INFO  ChatbotServiceApplicationContextTest - Starting ChatbotServiceApplicationContextTest using Java 1.8.0_462 on diaoyuxuandeMacBook-Pro-2.local with PID 55191 (started by diaoyuxuan in /Users/diaoyuxuan/big-market-ai-platform/big-market-chatbot-service)
26-07-10.22:13:59.641 [main            ] INFO  ChatbotServiceApplicationContextTest - The following 1 profile is active: "test"
26-07-10.22:14:00.118 [main            ] INFO  RepositoryConfigurationDelegate - Multiple Spring Data modules found, entering strict repository configuration mode
26-07-10.22:14:00.120 [main            ] INFO  RepositoryConfigurationDelegate - Bootstrapping Spring Data Redis repositories in DEFAULT mode.
26-07-10.22:14:00.134 [main            ] INFO  RepositoryConfigurationDelegate - Finished Spring Data repository scanning in 5 ms. Found 0 Redis repository interfaces.
26-07-10.22:14:00.710 [main            ] INFO  NacosConfigSyncService - NacosConfigSyncService initialized, serverAddr=127.0.0.1:8848, dataId=big-market-platform-config
26-07-10.22:14:01.654 [main            ] INFO  NacosConfigSubscriberConfig - No platform config in Nacos yet — using local defaults
26-07-10.22:14:01.661 [main            ] INFO  NacosConfigSyncService - Registered Nacos config listener, dataId=big-market-platform-config
26-07-10.22:14:03.510 [main            ] INFO  EndpointLinksResolver  - Exposing 2 endpoint(s) beneath base path '/actuator'
26-07-10.22:14:03.646 [main            ] INFO  ChatbotServiceApplicationContextTest - Started ChatbotServiceApplicationContextTest in 4.221 seconds (JVM running for 5.228)
26-07-10.22:14:03.763 [Thread-9        ] WARN  NotifyCenter           - [NotifyCenter] Start destroying Publisher
26-07-10.22:14:03.763 [Thread-9        ] WARN  NotifyCenter           - [NotifyCenter] Destruction of the end
26-07-10.22:14:03.763 [Thread-4        ] WARN  HttpClientBeanHolder   - [HttpClientBeanHolder] Start destroying common HttpClient
26-07-10.22:14:03.763 [Thread-4        ] WARN  HttpClientBeanHolder   - [HttpClientBeanHolder] Destruction of the end
