26-07-10.18:49:37.667 [main            ] WARN  GenericWebApplicationContext - Exception encountered during context initialization - cancelling refresh attempt: org.springframework.beans.factory.BeanCreationException: Error creating bean with name 'activityRepository': Injection of resource dependencies failed; nested exception is org.springframework.beans.factory.BeanCreationException: Error creating bean with name 'activitySkuStockCacheSupport': Injection of resource dependencies failed; nested exception is org.springframework.beans.factory.NoSuchBeanDefinitionException: No qualifying bean of type 'com.dyx.market.domain.activity.adapter.event.ActivitySkuStockZeroMessageEvent' available: expected at least 1 bean which qualifies as autowire candidate. Dependency annotations: {@javax.annotation.Resource(shareable=true, lookup=, name=, description=, authenticationType=CONTAINER, type=class java.lang.Object, mappedName=)}
26-07-10.18:49:37.704 [main            ] ERROR LoggingFailureAnalysisReporter - 

***************************
APPLICATION FAILED TO START
***************************

Description:

A component required a bean of type 'com.dyx.market.domain.activity.adapter.event.ActivitySkuStockZeroMessageEvent' that could not be found.


Action:

Consider defining a bean of type 'com.dyx.market.domain.activity.adapter.event.ActivitySkuStockZeroMessageEvent' in your configuration.

26-07-10.18:49:37.706 [main            ] ERROR TestContextManager     - Caught exception while allowing TestExecutionListener [org.springframework.test.context.web.ServletTestExecutionListener@7d0b7e3c] to prepare test instance [com.dyx.market.chatbot.service.ChatbotServiceApplicationContextTest@45cb5307]
java.lang.IllegalStateException: Failed to load ApplicationContext
	at org.springframework.test.context.cache.DefaultCacheAwareContextLoaderDelegate.loadContext(DefaultCacheAwareContextLoaderDelegate.java:98)
	at org.springframework.test.context.support.DefaultTestContext.getApplicationContext(DefaultTestContext.java:124)
	at org.springframework.test.context.web.ServletTestExecutionListener.setUpRequestContextIfNecessary(ServletTestExecutionListener.java:190)
	at org.springframework.test.context.web.ServletTestExecutionListener.prepareTestInstance(ServletTestExecutionListener.java:132)
	at org.springframework.test.context.TestContextManager.prepareTestInstance(TestContextManager.java:248)
	at org.springframework.test.context.junit4.SpringJUnit4ClassRunner.createTest(SpringJUnit4ClassRunner.java:227)
	at org.springframework.test.context.junit4.SpringJUnit4ClassRunner$1.runReflectiveCall(SpringJUnit4ClassRunner.java:289)
	at org.junit.internal.runners.model.ReflectiveCallable.run(ReflectiveCallable.java:12)
	at org.springframework.test.context.junit4.SpringJUnit4ClassRunner.methodBlock(SpringJUnit4ClassRunner.java:291)
	at org.springframework.test.context.junit4.SpringJUnit4ClassRunner.runChild(SpringJUnit4ClassRunner.java:246)
	at org.springframework.test.context.junit4.SpringJUnit4ClassRunner.runChild(SpringJUnit4ClassRunner.java:97)
	at org.junit.runners.ParentRunner$4.run(ParentRunner.java:331)
	at org.junit.runners.ParentRunner$1.schedule(ParentRunner.java:79)
	at org.junit.runners.ParentRunner.runChildren(ParentRunner.java:329)
	at org.junit.runners.ParentRunner.access$100(ParentRunner.java:66)
	at org.junit.runners.ParentRunner$2.evaluate(ParentRunner.java:293)
	at org.springframework.test.context.junit4.statements.RunBeforeTestClassCallbacks.evaluate(RunBeforeTestClassCallbacks.java:61)
	at org.springframework.test.context.junit4.statements.RunAfterTestClassCallbacks.evaluate(RunAfterTestClassCallbacks.java:70)
	at org.junit.runners.ParentRunner$3.evaluate(ParentRunner.java:306)
	at org.junit.runners.ParentRunner.run(ParentRunner.java:413)
	at org.springframework.test.context.junit4.SpringJUnit4ClassRunner.run(SpringJUnit4ClassRunner.java:190)
	at org.junit.runner.JUnitCore.run(JUnitCore.java:137)
	at org.junit.runner.JUnitCore.run(JUnitCore.java:115)
	at org.junit.vintage.engine.execution.RunnerExecutor.execute(RunnerExecutor.java:42)
	at org.junit.vintage.engine.VintageTestEngine.executeAllChildren(VintageTestEngine.java:80)
	at org.junit.vintage.engine.VintageTestEngine.execute(VintageTestEngine.java:72)
	at org.junit.platform.launcher.core.DefaultLauncher.execute(DefaultLauncher.java:220)
	at org.junit.platform.launcher.core.DefaultLauncher.lambda$execute$6(DefaultLauncher.java:188)
	at org.junit.platform.launcher.core.DefaultLauncher.withInterceptedStreams(DefaultLauncher.java:202)
	at org.junit.platform.launcher.core.DefaultLauncher.execute(DefaultLauncher.java:181)
	at org.junit.platform.launcher.core.DefaultLauncher.execute(DefaultLauncher.java:128)
	at org.apache.maven.surefire.junitplatform.JUnitPlatformProvider.invokeAllTests(JUnitPlatformProvider.java:150)
	at org.apache.maven.surefire.junitplatform.JUnitPlatformProvider.invoke(JUnitPlatformProvider.java:124)
	at org.apache.maven.surefire.booter.ForkedBooter.invokeProviderInSameClassLoader(ForkedBooter.java:384)
	at org.apache.maven.surefire.booter.ForkedBooter.runSuitesInProcess(ForkedBooter.java:345)
	at org.apache.maven.surefire.booter.ForkedBooter.execute(ForkedBooter.java:126)
	at org.apache.maven.surefire.booter.ForkedBooter.main(ForkedBooter.java:418)
Caused by: org.springframework.beans.factory.BeanCreationException: Error creating bean with name 'activityRepository': Injection of resource dependencies failed; nested exception is org.springframework.beans.factory.BeanCreationException: Error creating bean with name 'activitySkuStockCacheSupport': Injection of resource dependencies failed; nested exception is org.springframework.beans.factory.NoSuchBeanDefinitionException: No qualifying bean of type 'com.dyx.market.domain.activity.adapter.event.ActivitySkuStockZeroMessageEvent' available: expected at least 1 bean which qualifies as autowire candidate. Dependency annotations: {@javax.annotation.Resource(shareable=true, lookup=, name=, description=, authenticationType=CONTAINER, type=class java.lang.Object, mappedName=)}
	at org.springframework.context.annotation.CommonAnnotationBeanPostProcessor.postProcessProperties(CommonAnnotationBeanPostProcessor.java:332)
	at org.springframework.beans.factory.support.AbstractAutowireCapableBeanFactory.populateBean(AbstractAutowireCapableBeanFactory.java:1431)
	at org.springframework.beans.factory.support.AbstractAutowireCapableBeanFactory.doCreateBean(AbstractAutowireCapableBeanFactory.java:619)
	at org.springframework.beans.factory.support.AbstractAutowireCapableBeanFactory.createBean(AbstractAutowireCapableBeanFactory.java:542)
	at org.springframework.beans.factory.support.AbstractBeanFactory.lambda$doGetBean$0(AbstractBeanFactory.java:335)
	at org.springframework.beans.factory.support.DefaultSingletonBeanRegistry.getSingleton(DefaultSingletonBeanRegistry.java:234)
	at org.springframework.beans.factory.support.AbstractBeanFactory.doGetBean(AbstractBeanFactory.java:333)
	at org.springframework.beans.factory.support.AbstractBeanFactory.getBean(AbstractBeanFactory.java:208)
	at org.springframework.beans.factory.support.DefaultListableBeanFactory.preInstantiateSingletons(DefaultListableBeanFactory.java:955)
	at org.springframework.context.support.AbstractApplicationContext.finishBeanFactoryInitialization(AbstractApplicationContext.java:920)
	at org.springframework.context.support.AbstractApplicationContext.refresh(AbstractApplicationContext.java:583)
	at org.springframework.boot.SpringApplication.refresh(SpringApplication.java:731)
	at org.springframework.boot.SpringApplication.refreshContext(SpringApplication.java:408)
	at org.springframework.boot.SpringApplication.run(SpringApplication.java:307)
	at org.springframework.boot.test.context.SpringBootContextLoader.loadContext(SpringBootContextLoader.java:136)
	at org.springframework.test.context.cache.DefaultCacheAwareContextLoaderDelegate.loadContextInternal(DefaultCacheAwareContextLoaderDelegate.java:141)
	at org.springframework.test.context.cache.DefaultCacheAwareContextLoaderDelegate.loadContext(DefaultCacheAwareContextLoaderDelegate.java:90)
	... 36 common frames omitted
Caused by: org.springframework.beans.factory.BeanCreationException: Error creating bean with name 'activitySkuStockCacheSupport': Injection of resource dependencies failed; nested exception is org.springframework.beans.factory.NoSuchBeanDefinitionException: No qualifying bean of type 'com.dyx.market.domain.activity.adapter.event.ActivitySkuStockZeroMessageEvent' available: expected at least 1 bean which qualifies as autowire candidate. Dependency annotations: {@javax.annotation.Resource(shareable=true, lookup=, name=, description=, authenticationType=CONTAINER, type=class java.lang.Object, mappedName=)}
	at org.springframework.context.annotation.CommonAnnotationBeanPostProcessor.postProcessProperties(CommonAnnotationBeanPostProcessor.java:332)
	at org.springframework.beans.factory.support.AbstractAutowireCapableBeanFactory.populateBean(AbstractAutowireCapableBeanFactory.java:1431)
	at org.springframework.beans.factory.support.AbstractAutowireCapableBeanFactory.doCreateBean(AbstractAutowireCapableBeanFactory.java:619)
	at org.springframework.beans.factory.support.AbstractAutowireCapableBeanFactory.createBean(AbstractAutowireCapableBeanFactory.java:542)
	at org.springframework.beans.factory.support.AbstractBeanFactory.lambda$doGetBean$0(AbstractBeanFactory.java:335)
	at org.springframework.beans.factory.support.DefaultSingletonBeanRegistry.getSingleton(DefaultSingletonBeanRegistry.java:234)
	at org.springframework.beans.factory.support.AbstractBeanFactory.doGetBean(AbstractBeanFactory.java:333)
	at org.springframework.beans.factory.support.AbstractBeanFactory.getBean(AbstractBeanFactory.java:213)
	at org.springframework.beans.factory.support.AbstractAutowireCapableBeanFactory.resolveBeanByName(AbstractAutowireCapableBeanFactory.java:479)
	at org.springframework.context.annotation.CommonAnnotationBeanPostProcessor.autowireResource(CommonAnnotationBeanPostProcessor.java:550)
	at org.springframework.context.annotation.CommonAnnotationBeanPostProcessor.getResource(CommonAnnotationBeanPostProcessor.java:520)
	at org.springframework.context.annotation.CommonAnnotationBeanPostProcessor$ResourceElement.getResourceToInject(CommonAnnotationBeanPostProcessor.java:673)
	at org.springframework.beans.factory.annotation.InjectionMetadata$InjectedElement.inject(InjectionMetadata.java:228)
	at org.springframework.beans.factory.annotation.InjectionMetadata.inject(InjectionMetadata.java:119)
	at org.springframework.context.annotation.CommonAnnotationBeanPostProcessor.postProcessProperties(CommonAnnotationBeanPostProcessor.java:329)
	... 52 common frames omitted
Caused by: org.springframework.beans.factory.NoSuchBeanDefinitionException: No qualifying bean of type 'com.dyx.market.domain.activity.adapter.event.ActivitySkuStockZeroMessageEvent' available: expected at least 1 bean which qualifies as autowire candidate. Dependency annotations: {@javax.annotation.Resource(shareable=true, lookup=, name=, description=, authenticationType=CONTAINER, type=class java.lang.Object, mappedName=)}
	at org.springframework.beans.factory.support.DefaultListableBeanFactory.raiseNoMatchingBeanFound(DefaultListableBeanFactory.java:1801)
	at org.springframework.beans.factory.support.DefaultListableBeanFactory.doResolveDependency(DefaultListableBeanFactory.java:1357)
	at org.springframework.beans.factory.support.DefaultListableBeanFactory.resolveDependency(DefaultListableBeanFactory.java:1311)
	at org.springframework.context.annotation.CommonAnnotationBeanPostProcessor.autowireResource(CommonAnnotationBeanPostProcessor.java:544)
	at org.springframework.context.annotation.CommonAnnotationBeanPostProcessor.getResource(CommonAnnotationBeanPostProcessor.java:520)
	at org.springframework.context.annotation.CommonAnnotationBeanPostProcessor$ResourceElement.getResourceToInject(CommonAnnotationBeanPostProcessor.java:673)
	at org.springframework.beans.factory.annotation.InjectionMetadata$InjectedElement.inject(InjectionMetadata.java:228)
	at org.springframework.beans.factory.annotation.InjectionMetadata.inject(InjectionMetadata.java:119)
	at org.springframework.context.annotation.CommonAnnotationBeanPostProcessor.postProcessProperties(CommonAnnotationBeanPostProcessor.java:329)
	... 66 common frames omitted
26-07-10.18:49:37.752 [Thread-4        ] WARN  HttpClientBeanHolder   - [HttpClientBeanHolder] Start destroying common HttpClient
26-07-10.18:49:37.752 [Thread-9        ] WARN  NotifyCenter           - [NotifyCenter] Start destroying Publisher
26-07-10.18:49:37.753 [Thread-9        ] WARN  NotifyCenter           - [NotifyCenter] Destruction of the end
26-07-10.18:49:37.753 [Thread-4        ] WARN  HttpClientBeanHolder   - [HttpClientBeanHolder] Destruction of the end
26-07-10.18:50:23.343 [Thread-9        ] WARN  NotifyCenter           - [NotifyCenter] Start destroying Publisher
26-07-10.18:50:23.343 [Thread-4        ] WARN  HttpClientBeanHolder   - [HttpClientBeanHolder] Start destroying common HttpClient
26-07-10.18:50:23.344 [Thread-9        ] WARN  NotifyCenter           - [NotifyCenter] Destruction of the end
26-07-10.18:50:23.344 [Thread-4        ] WARN  HttpClientBeanHolder   - [HttpClientBeanHolder] Destruction of the end
26-07-10.18:51:26.022 [Thread-9        ] WARN  NotifyCenter           - [NotifyCenter] Start destroying Publisher
26-07-10.18:51:26.022 [Thread-9        ] WARN  NotifyCenter           - [NotifyCenter] Destruction of the end
26-07-10.18:51:26.022 [Thread-4        ] WARN  HttpClientBeanHolder   - [HttpClientBeanHolder] Start destroying common HttpClient
26-07-10.18:51:26.023 [Thread-4        ] WARN  HttpClientBeanHolder   - [HttpClientBeanHolder] Destruction of the end
26-07-10.18:53:49.831 [Thread-4        ] WARN  HttpClientBeanHolder   - [HttpClientBeanHolder] Start destroying common HttpClient
26-07-10.18:53:49.831 [Thread-9        ] WARN  NotifyCenter           - [NotifyCenter] Start destroying Publisher
26-07-10.18:53:49.831 [Thread-9        ] WARN  NotifyCenter           - [NotifyCenter] Destruction of the end
26-07-10.18:53:49.832 [Thread-4        ] WARN  HttpClientBeanHolder   - [HttpClientBeanHolder] Destruction of the end
26-07-10.18:54:35.931 [Thread-4        ] WARN  HttpClientBeanHolder   - [HttpClientBeanHolder] Start destroying common HttpClient
26-07-10.18:54:35.931 [Thread-9        ] WARN  NotifyCenter           - [NotifyCenter] Start destroying Publisher
26-07-10.18:54:35.931 [Thread-9        ] WARN  NotifyCenter           - [NotifyCenter] Destruction of the end
26-07-10.18:54:35.932 [Thread-4        ] WARN  HttpClientBeanHolder   - [HttpClientBeanHolder] Destruction of the end
26-07-10.18:55:23.064 [Thread-9        ] WARN  NotifyCenter           - [NotifyCenter] Start destroying Publisher
26-07-10.18:55:23.064 [Thread-4        ] WARN  HttpClientBeanHolder   - [HttpClientBeanHolder] Start destroying common HttpClient
26-07-10.18:55:23.064 [Thread-9        ] WARN  NotifyCenter           - [NotifyCenter] Destruction of the end
26-07-10.18:55:23.064 [Thread-4        ] WARN  HttpClientBeanHolder   - [HttpClientBeanHolder] Destruction of the end
26-07-10.20:01:42.365 [Thread-4        ] WARN  HttpClientBeanHolder   - [HttpClientBeanHolder] Start destroying common HttpClient
26-07-10.20:01:42.365 [Thread-9        ] WARN  NotifyCenter           - [NotifyCenter] Start destroying Publisher
26-07-10.20:01:42.372 [Thread-9        ] WARN  NotifyCenter           - [NotifyCenter] Destruction of the end
26-07-10.20:01:42.372 [Thread-4        ] WARN  HttpClientBeanHolder   - [HttpClientBeanHolder] Destruction of the end
26-07-10.20:50:23.299 [Thread-9        ] WARN  NotifyCenter           - [NotifyCenter] Start destroying Publisher
26-07-10.20:50:23.299 [Thread-4        ] WARN  HttpClientBeanHolder   - [HttpClientBeanHolder] Start destroying common HttpClient
26-07-10.20:50:23.299 [Thread-9        ] WARN  NotifyCenter           - [NotifyCenter] Destruction of the end
26-07-10.20:50:23.299 [Thread-4        ] WARN  HttpClientBeanHolder   - [HttpClientBeanHolder] Destruction of the end
26-07-10.20:51:15.795 [Thread-4        ] WARN  HttpClientBeanHolder   - [HttpClientBeanHolder] Start destroying common HttpClient
26-07-10.20:51:15.795 [Thread-9        ] WARN  NotifyCenter           - [NotifyCenter] Start destroying Publisher
26-07-10.20:51:15.796 [Thread-9        ] WARN  NotifyCenter           - [NotifyCenter] Destruction of the end
26-07-10.20:51:15.796 [Thread-4        ] WARN  HttpClientBeanHolder   - [HttpClientBeanHolder] Destruction of the end
26-07-10.20:51:58.131 [Thread-9        ] WARN  NotifyCenter           - [NotifyCenter] Start destroying Publisher
26-07-10.20:51:58.131 [Thread-4        ] WARN  HttpClientBeanHolder   - [HttpClientBeanHolder] Start destroying common HttpClient
26-07-10.20:51:58.131 [Thread-9        ] WARN  NotifyCenter           - [NotifyCenter] Destruction of the end
26-07-10.20:51:58.131 [Thread-4        ] WARN  HttpClientBeanHolder   - [HttpClientBeanHolder] Destruction of the end
26-07-10.20:52:35.305 [Thread-9        ] WARN  NotifyCenter           - [NotifyCenter] Start destroying Publisher
26-07-10.20:52:35.305 [Thread-9        ] WARN  NotifyCenter           - [NotifyCenter] Destruction of the end
26-07-10.20:52:35.305 [Thread-4        ] WARN  HttpClientBeanHolder   - [HttpClientBeanHolder] Start destroying common HttpClient
26-07-10.20:52:35.306 [Thread-4        ] WARN  HttpClientBeanHolder   - [HttpClientBeanHolder] Destruction of the end
26-07-10.21:10:37.181 [Thread-9        ] WARN  NotifyCenter           - [NotifyCenter] Start destroying Publisher
26-07-10.21:10:37.181 [Thread-4        ] WARN  HttpClientBeanHolder   - [HttpClientBeanHolder] Start destroying common HttpClient
26-07-10.21:10:37.181 [Thread-9        ] WARN  NotifyCenter           - [NotifyCenter] Destruction of the end
26-07-10.21:10:37.182 [Thread-4        ] WARN  HttpClientBeanHolder   - [HttpClientBeanHolder] Destruction of the end
26-07-10.21:59:21.029 [Thread-9        ] WARN  NotifyCenter           - [NotifyCenter] Start destroying Publisher
26-07-10.21:59:21.029 [Thread-4        ] WARN  HttpClientBeanHolder   - [HttpClientBeanHolder] Start destroying common HttpClient
26-07-10.21:59:21.029 [Thread-9        ] WARN  NotifyCenter           - [NotifyCenter] Destruction of the end
26-07-10.21:59:21.030 [Thread-4        ] WARN  HttpClientBeanHolder   - [HttpClientBeanHolder] Destruction of the end
26-07-10.22:14:03.763 [Thread-9        ] WARN  NotifyCenter           - [NotifyCenter] Start destroying Publisher
26-07-10.22:14:03.763 [Thread-9        ] WARN  NotifyCenter           - [NotifyCenter] Destruction of the end
26-07-10.22:14:03.763 [Thread-4        ] WARN  HttpClientBeanHolder   - [HttpClientBeanHolder] Start destroying common HttpClient
26-07-10.22:14:03.763 [Thread-4        ] WARN  HttpClientBeanHolder   - [HttpClientBeanHolder] Destruction of the end
